This is pdfTeX, Version 3.141592653-2.6-1.40.22 (TeX Live 2022/dev/Debian) (preloaded format=pdflatex 2025.9.30)  22 NOV 2025 15:12
entering extended mode
 restricted \write18 enabled.
 file:line:error style messages enabled.
 %&-line parsing enabled.
**/home/precel/GestureGANPyTorch/praca/Praca_Magisterska_Maciej_Pracucik
(/home/precel/GestureGANPyTorch/praca/Praca_Magisterska_Maciej_Pracucik.tex
LaTeX2e <2021-11-15> patch level 1
L3 programming layer <2022-01-21> (/usr/share/texlive/texmf-dist/tex/latex/base/article.cls
Document Class: article 2021/10/04 v1.4n Standard LaTeX document class
(/usr/share/texlive/texmf-dist/tex/latex/base/size12.clo
File: size12.clo 2021/10/04 v1.4n Standard LaTeX file (size option)
)
\c@part=\count185
\c@section=\count186
\c@subsection=\count187
\c@subsubsection=\count188
\c@paragraph=\count189
\c@subparagraph=\count190
\c@figure=\count191
\c@table=\count192
\abovecaptionskip=\skip47
\belowcaptionskip=\skip48
\bibindent=\dimen138
) (/usr/share/texlive/texmf-dist/tex/latex/base/inputenc.sty
Package: inputenc 2021/02/14 v1.3d Input encoding file
\inpenc@prehook=\toks16
\inpenc@posthook=\toks17
) (/usr/share/texlive/texmf-dist/tex/latex/graphics/color.sty
Package: color 2021/12/07 v1.3c Standard LaTeX Color (DPC)
 (/usr/share/texlive/texmf-dist/tex/latex/graphics-cfg/color.cfg
File: color.cfg 2016/01/02 v1.6 sample color configuration
)
Package color Info: Driver file: pdftex.def on input line 149.
 (/usr/share/texlive/texmf-dist/tex/latex/graphics-def/pdftex.def
File: pdftex.def 2020/10/05 v1.2a Graphics/color driver for pdftex
)) (/usr/share/texlive/texmf-dist/tex/latex/polski/polski.sty
Package: polski 2021/08/25 v1.3.6 Polish language package

   Inputenc package detected. Catcodes not changed.
   Switching to Polish text encoding and Polish maths fonts.
(/usr/share/texlive/texmf-dist/tex/latex/base/ot4enc.def
File: ot4enc.def 2021/04/29 v2.0v Standard LaTeX file
Now handling font encoding OT4 ...
... no UTF-8 mapping file for font encoding OT4
)
LaTeX Font Info:    Trying to load font information for OT4+cmr on input line 362.
 (/usr/share/texlive/texmf-dist/tex/latex/polski/ot4cmr.fd
File: ot4cmr.fd 2008/02/24 v1.2.1 Font defs for fonts PL (MW)
)
LaTeX Font Info:    Overwriting math alphabet `\mathbf' in version `normal'
(Font)                  OT1/cmr/bx/n --> OT4/cmr/bx/n on input line 362.
LaTeX Font Info:    Overwriting math alphabet `\mathsf' in version `normal'
(Font)                  OT1/cmss/m/n --> OT4/cmss/m/n on input line 362.
LaTeX Font Info:    Overwriting math alphabet `\mathit' in version `normal'
(Font)                  OT1/cmr/m/it --> OT4/cmr/m/it on input line 362.
LaTeX Font Info:    Overwriting math alphabet `\mathtt' in version `normal'
(Font)                  OT1/cmtt/m/n --> OT4/cmtt/m/n on input line 362.
LaTeX Font Info:    Overwriting math alphabet `\mathsf' in version `bold'
(Font)                  OT1/cmss/bx/n --> OT4/cmss/bx/n on input line 362.
LaTeX Font Info:    Overwriting math alphabet `\mathit' in version `bold'
(Font)                  OT1/cmr/bx/it --> OT4/cmr/bx/it on input line 362.
LaTeX Font Info:    Encoding `OT1' has changed to `OT4' for symbol font
(Font)              `operators' in the math version `normal' on input line 362.
LaTeX Font Info:    Overwriting symbol font `operators' in version `normal'
(Font)                  OT1/cmr/m/n --> OT4/cmr/m/n on input line 362.
LaTeX Font Info:    Overwriting symbol font `letters' in version `normal'
(Font)                  OML/cmm/m/it --> OML/plm/m/it on input line 362.
LaTeX Font Info:    Overwriting symbol font `symbols' in version `normal'
(Font)                  OMS/cmsy/m/n --> OMS/plsy/m/n on input line 362.
LaTeX Font Info:    Overwriting symbol font `largesymbols' in version `normal'
(Font)                  OMX/cmex/m/n --> OMX/plex/m/n on input line 362.
LaTeX Font Info:    Encoding `OT1' has changed to `OT4' for symbol font
(Font)              `operators' in the math version `bold' on input line 362.
LaTeX Font Info:    Overwriting symbol font `operators' in version `bold'
(Font)                  OT1/cmr/bx/n --> OT4/cmr/bx/n on input line 362.
LaTeX Font Info:    Overwriting symbol font `letters' in version `bold'
(Font)                  OML/cmm/b/it --> OML/plm/b/it on input line 362.
LaTeX Font Info:    Overwriting symbol font `symbols' in version `bold'
(Font)                  OMS/cmsy/b/n --> OMS/plsy/b/n on input line 362.
) (/usr/share/texlive/texmf-dist/tex/latex/graphics/graphicx.sty
Package: graphicx 2021/09/16 v1.2d Enhanced LaTeX Graphics (DPC,SPQR)
 (/usr/share/texlive/texmf-dist/tex/latex/graphics/keyval.sty
Package: keyval 2014/10/28 v1.15 key=value parser (DPC)
\KV@toks@=\toks18
) (/usr/share/texlive/texmf-dist/tex/latex/graphics/graphics.sty
Package: graphics 2021/03/04 v1.4d Standard LaTeX Graphics (DPC,SPQR)
 (/usr/share/texlive/texmf-dist/tex/latex/graphics/trig.sty
Package: trig 2021/08/11 v1.11 sin cos tan (DPC)
) (/usr/share/texlive/texmf-dist/tex/latex/graphics-cfg/graphics.cfg
File: graphics.cfg 2016/06/04 v1.11 sample graphics configuration
)
Package graphics Info: Driver file: pdftex.def on input line 107.
)
\Gin@req@height=\dimen139
\Gin@req@width=\dimen140
) (/usr/share/texlive/texmf-dist/tex/latex/pdfpages/pdfpages.sty
Package: pdfpages 2022/01/29 v0.5u Insert pages of external PDF documents (AM)
 (/usr/share/texlive/texmf-dist/tex/latex/base/ifthen.sty
Package: ifthen 2020/11/24 v1.1c Standard LaTeX ifthen package (DPC)
) (/usr/share/texlive/texmf-dist/tex/latex/tools/calc.sty
Package: calc 2017/05/25 v4.3 Infix arithmetic (KKT,FJ)
\calc@Acount=\count193
\calc@Bcount=\count194
\calc@Adimen=\dimen141
\calc@Bdimen=\dimen142
\calc@Askip=\skip49
\calc@Bskip=\skip50
LaTeX Info: Redefining \setlength on input line 80.
LaTeX Info: Redefining \addtolength on input line 81.
\calc@Ccount=\count195
\calc@Cskip=\skip51
) (/usr/share/texlive/texmf-dist/tex/latex/eso-pic/eso-pic.sty
Package: eso-pic 2020/10/14 v3.0a eso-pic (RN)
\ESO@tempdima=\dimen143
\ESO@tempdimb=\dimen144
)
\AM@pagewidth=\dimen145
\AM@pageheight=\dimen146
\AM@fboxrule=\dimen147
 (/usr/share/texlive/texmf-dist/tex/latex/pdfpages/pppdftex.def
File: pppdftex.def 2022/01/29 v0.5u Pdfpages driver for pdfTeX (AM)
)
\pdfpages@includegraphics@status=\count196
\AM@pagebox=\box50
\AM@global@opts=\toks19
\AM@pagecnt=\count197
\AM@toc@title=\toks20
\c@AM@survey=\count198
\AM@templatesizebox=\box51
) (/usr/share/texlive/texmf-dist/tex/latex/tools/indentfirst.sty
Package: indentfirst 1995/11/23 v1.03 Indent first paragraph (DPC)
) (/usr/share/texlive/texmf-dist/tex/latex/geometry/geometry.sty
Package: geometry 2020/01/02 v5.9 Page Geometry
 (/usr/share/texlive/texmf-dist/tex/generic/iftex/ifvtex.sty
Package: ifvtex 2019/10/25 v1.7 ifvtex legacy package. Use iftex instead.
 (/usr/share/texlive/texmf-dist/tex/generic/iftex/iftex.sty
Package: iftex 2020/03/06 v1.0d TeX engine tests
))
\Gm@cnth=\count199
\Gm@cntv=\count266
\c@Gm@tempcnt=\count267
\Gm@bindingoffset=\dimen148
\Gm@wd@mp=\dimen149
\Gm@odd@mp=\dimen150
\Gm@even@mp=\dimen151
\Gm@layoutwidth=\dimen152
\Gm@layoutheight=\dimen153
\Gm@layouthoffset=\dimen154
\Gm@layoutvoffset=\dimen155
\Gm@dimlist=\toks21
) (/usr/share/texlive/texmf-dist/tex/latex/setspace/setspace.sty
Package: setspace 2011/12/19 v6.7a set line spacing
) (/usr/share/texlive/texmf-dist/tex/latex/url/url.sty
\Urlmuskip=\muskip16
Package: url 2013/09/16  ver 3.4  Verb mode for urls, etc.
) (/usr/share/texlive/texmf-dist/tex/latex/biblatex/biblatex.sty
Package: biblatex 2022/02/02 v3.17 programmable bibliographies (PK/MW)
 (/usr/share/texlive/texmf-dist/tex/generic/pdftexcmds/pdftexcmds.sty
Package: pdftexcmds 2020-06-27 v0.33 Utility functions of pdfTeX for LuaTeX (HO)
 (/usr/share/texlive/texmf-dist/tex/generic/infwarerr/infwarerr.sty
Package: infwarerr 2019/12/03 v1.5 Providing info/warning/error messages (HO)
) (/usr/share/texlive/texmf-dist/tex/generic/ltxcmds/ltxcmds.sty
Package: ltxcmds 2020-05-10 v1.25 LaTeX kernel commands for general use (HO)
)
Package pdftexcmds Info: \pdf@primitive is available.
Package pdftexcmds Info: \pdf@ifprimitive is available.
Package pdftexcmds Info: \pdfdraftmode found.
) (/usr/share/texlive/texmf-dist/tex/latex/etoolbox/etoolbox.sty
Package: etoolbox 2020/10/05 v2.5k e-TeX tools for LaTeX (JAW)
\etb@tempcnta=\count268
) (/usr/share/texlive/texmf-dist/tex/latex/kvoptions/kvoptions.sty
Package: kvoptions 2020-10-07 v3.14 Key value format for package options (HO)
 (/usr/share/texlive/texmf-dist/tex/generic/kvsetkeys/kvsetkeys.sty
Package: kvsetkeys 2019/12/15 v1.18 Key value parser (HO)
)) (/usr/share/texlive/texmf-dist/tex/latex/logreq/logreq.sty
Package: logreq 2010/08/04 v1.0 xml request logger
\lrq@indent=\count269
 (/usr/share/texlive/texmf-dist/tex/latex/logreq/logreq.def
File: logreq.def 2010/08/04 v1.0 logreq spec v1.0
))
\c@tabx@nest=\count270
\c@listtotal=\count271
\c@listcount=\count272
\c@liststart=\count273
\c@liststop=\count274
\c@citecount=\count275
\c@citetotal=\count276
\c@multicitecount=\count277
\c@multicitetotal=\count278
\c@instcount=\count279
\c@maxnames=\count280
\c@minnames=\count281
\c@maxitems=\count282
\c@minitems=\count283
\c@citecounter=\count284
\c@maxcitecounter=\count285
\c@savedcitecounter=\count286
\c@uniquelist=\count287
\c@uniquename=\count288
\c@refsection=\count289
\c@refsegment=\count290
\c@maxextratitle=\count291
\c@maxextratitleyear=\count292
\c@maxextraname=\count293
\c@maxextradate=\count294
\c@maxextraalpha=\count295
\c@abbrvpenalty=\count296
\c@highnamepenalty=\count297
\c@lownamepenalty=\count298
\c@maxparens=\count299
\c@parenlevel=\count300
\blx@tempcnta=\count301
\blx@tempcntb=\count302
\blx@tempcntc=\count303
\c@blx@maxsection=\count304
\c@blx@maxsegment@0=\count305
\blx@notetype=\count306
\blx@parenlevel@text=\count307
\blx@parenlevel@foot=\count308
\c@blx@sectionciteorder@0=\count309
\blx@entrysetcounter=\count310
\blx@biblioinstance=\count311
\labelnumberwidth=\skip52
\labelalphawidth=\skip53
\biblabelsep=\skip54
\bibitemsep=\skip55
\bibnamesep=\skip56
\bibinitsep=\skip57
\bibparsep=\skip58
\bibhang=\skip59
\blx@bcfin=\read2
\blx@bcfout=\write3
\blx@langwohyphens=\language8
\c@mincomprange=\count312
\c@maxcomprange=\count313
\c@mincompwidth=\count314
Package biblatex Info: Trying to load biblatex default data model...
Package biblatex Info: ... file 'blx-dm.def' found.
 (/usr/share/texlive/texmf-dist/tex/latex/biblatex/blx-dm.def
File: blx-dm.def 2022/02/02 v3.17 biblatex localization (PK/MW)
)
Package biblatex Info: Trying to load biblatex custom data model...
Package biblatex Info: ... file 'biblatex-dm.cfg' not found.
\c@afterword=\count315
\c@savedafterword=\count316
\c@annotator=\count317
\c@savedannotator=\count318
\c@author=\count319
\c@savedauthor=\count320
\c@bookauthor=\count321
\c@savedbookauthor=\count322
\c@commentator=\count323
\c@savedcommentator=\count324
\c@editor=\count325
\c@savededitor=\count326
\c@editora=\count327
\c@savededitora=\count328
\c@editorb=\count329
\c@savededitorb=\count330
\c@editorc=\count331
\c@savededitorc=\count332
\c@foreword=\count333
\c@savedforeword=\count334
\c@holder=\count335
\c@savedholder=\count336
\c@introduction=\count337
\c@savedintroduction=\count338
\c@namea=\count339
\c@savednamea=\count340
\c@nameb=\count341
\c@savednameb=\count342
\c@namec=\count343
\c@savednamec=\count344
\c@translator=\count345
\c@savedtranslator=\count346
\c@shortauthor=\count347
\c@savedshortauthor=\count348
\c@shorteditor=\count349
\c@savedshorteditor=\count350
\c@labelname=\count351
\c@savedlabelname=\count352
\c@institution=\count353
\c@savedinstitution=\count354
\c@lista=\count355
\c@savedlista=\count356
\c@listb=\count357
\c@savedlistb=\count358
\c@listc=\count359
\c@savedlistc=\count360
\c@listd=\count361
\c@savedlistd=\count362
\c@liste=\count363
\c@savedliste=\count364
\c@listf=\count365
\c@savedlistf=\count366
\c@location=\count367
\c@savedlocation=\count368
\c@organization=\count369
\c@savedorganization=\count370
\c@origlocation=\count371
\c@savedoriglocation=\count372
\c@origpublisher=\count373
\c@savedorigpublisher=\count374
\c@publisher=\count375
\c@savedpublisher=\count376
\c@language=\count377
\c@savedlanguage=\count378
\c@origlanguage=\count379
\c@savedoriglanguage=\count380
\c@pageref=\count381
\c@savedpageref=\count382
\shorthandwidth=\skip60
\shortjournalwidth=\skip61
\shortserieswidth=\skip62
\shorttitlewidth=\skip63
\shortauthorwidth=\skip64
\shorteditorwidth=\skip65
\locallabelnumberwidth=\skip66
\locallabelalphawidth=\skip67
\localshorthandwidth=\skip68
\localshortjournalwidth=\skip69
\localshortserieswidth=\skip70
\localshorttitlewidth=\skip71
\localshortauthorwidth=\skip72
\localshorteditorwidth=\skip73
Package biblatex Info: Trying to load compatibility code...
Package biblatex Info: ... file 'blx-compat.def' found.
 (/usr/share/texlive/texmf-dist/tex/latex/biblatex/blx-compat.def
File: blx-compat.def 2022/02/02 v3.17 biblatex compatibility (PK/MW)
)
Package biblatex Info: Trying to load generic definitions...
Package biblatex Info: ... file 'biblatex.def' found.
 (/usr/share/texlive/texmf-dist/tex/latex/biblatex/biblatex.def
File: biblatex.def 2022/02/02 v3.17 biblatex compatibility (PK/MW)
\c@textcitecount=\count383
\c@textcitetotal=\count384
\c@textcitemaxnames=\count385
\c@biburlbigbreakpenalty=\count386
\c@biburlbreakpenalty=\count387
\c@biburlnumpenalty=\count388
\c@biburlucpenalty=\count389
\c@biburllcpenalty=\count390
\biburlbigskip=\muskip17
\biburlnumskip=\muskip18
\biburlucskip=\muskip19
\biburllcskip=\muskip20
\c@smartand=\count391
)
Package biblatex Info: Trying to load bibliography style 'numeric'...
Package biblatex Info: ... file 'numeric.bbx' found.
 (/usr/share/texlive/texmf-dist/tex/latex/biblatex/bbx/numeric.bbx
File: numeric.bbx 2022/02/02 v3.17 biblatex bibliography style (PK/MW)
Package biblatex Info: Trying to load bibliography style 'standard'...
Package biblatex Info: ... file 'standard.bbx' found.
 (/usr/share/texlive/texmf-dist/tex/latex/biblatex/bbx/standard.bbx
File: standard.bbx 2022/02/02 v3.17 biblatex bibliography style (PK/MW)
\c@bbx:relatedcount=\count392
\c@bbx:relatedtotal=\count393
))
Package biblatex Info: Trying to load citation style 'numeric'...
Package biblatex Info: ... file 'numeric.cbx' found.
 (/usr/share/texlive/texmf-dist/tex/latex/biblatex/cbx/numeric.cbx
File: numeric.cbx 2022/02/02 v3.17 biblatex citation style (PK/MW)
Package biblatex Info: Redefining '\cite'.
Package biblatex Info: Redefining '\parencite'.
Package biblatex Info: Redefining '\footcite'.
Package biblatex Info: Redefining '\footcitetext'.
Package biblatex Info: Redefining '\smartcite'.
Package biblatex Info: Redefining '\supercite'.
Package biblatex Info: Redefining '\textcite'.
Package biblatex Info: Redefining '\textcites'.
Package biblatex Info: Redefining '\cites'.
Package biblatex Info: Redefining '\parencites'.
Package biblatex Info: Redefining '\smartcites'.
)
Package biblatex Info: Trying to load configuration file...
Package biblatex Info: ... file 'biblatex.cfg' found.
 (/usr/share/texlive/texmf-dist/tex/latex/biblatex/biblatex.cfg
File: biblatex.cfg 
)
Package biblatex Info: Input encoding 'utf8' detected.
Package biblatex Info: Document encoding is UTF8 ....
 (/usr/share/texlive/texmf-dist/tex/latex/l3kernel/expl3.sty
Package: expl3 2022-01-21 L3 programming layer (loader) 
 (/usr/share/texlive/texmf-dist/tex/latex/l3backend/l3backend-pdftex.def
File: l3backend-pdftex.def 2022-01-12 L3 backend support: PDF output (pdfTeX)
\l__color_backend_stack_int=\count394
\l__pdf_internal_box=\box52
))
Package biblatex Info: ... and expl3
(biblatex)             2022-01-21 L3 programming layer (loader) 
(biblatex)             is new enough (at least 2020/04/06),
(biblatex)             setting 'casechanger=expl3'.
 (/usr/share/texlive/texmf-dist/tex/latex/biblatex/blx-case-expl3.sty (/usr/share/texlive/texmf-dist/tex/latex/l3packages/xparse/xparse.sty
Package: xparse 2022-01-12 L3 Experimental document command parser
)
Package: blx-case-expl3 2022/02/02 v3.17 expl3 case changing code for biblatex
)) (/usr/share/texlive/texmf-dist/tex/latex/tools/array.sty
Package: array 2021/10/04 v2.5f Tabular extension package (FMi)
\col@sep=\dimen156
\ar@mcellbox=\box53
\extrarowheight=\dimen157
\NC@list=\toks22
\extratabsurround=\skip74
\backup@length=\skip75
\ar@cellbox=\box54
) (/usr/share/texlive/texmf-dist/tex/latex/listings/listings.sty
\lst@mode=\count395
\lst@gtempboxa=\box55
\lst@token=\toks23
\lst@length=\count396
\lst@currlwidth=\dimen158
\lst@column=\count397
\lst@pos=\count398
\lst@lostspace=\dimen159
\lst@width=\dimen160
\lst@newlines=\count399
\lst@lineno=\count400
\lst@maxwidth=\dimen161
 (/usr/share/texlive/texmf-dist/tex/latex/listings/lstmisc.sty
File: lstmisc.sty 2020/03/24 1.8d (Carsten Heinz)
\c@lstnumber=\count401
\lst@skipnumbers=\count402
\lst@framebox=\box56
) (/usr/share/texlive/texmf-dist/tex/latex/listings/listings.cfg
File: listings.cfg 2020/03/24 1.8d listings configuration
))
Package: listings 2020/03/24 1.8d (Carsten Heinz)
 (/usr/share/texlive/texmf-dist/tex/latex/float/float.sty
Package: float 2001/11/08 v1.3d Float enhancements (AL)
\c@float@type=\count403
\float@exts=\toks24
\float@box=\box57
\@float@everytoks=\toks25
\@floatcapt=\box58
) (/usr/share/texlive/texmf-dist/tex/latex/amsmath/amsmath.sty
Package: amsmath 2021/10/15 v2.17l AMS math features
\@mathmargin=\skip76

For additional information on amsmath, use the `?' option.
(/usr/share/texlive/texmf-dist/tex/latex/amsmath/amstext.sty
Package: amstext 2021/08/26 v2.01 AMS text
 (/usr/share/texlive/texmf-dist/tex/latex/amsmath/amsgen.sty
File: amsgen.sty 1999/11/30 v2.0 generic functions
\@emptytoks=\toks26
\ex@=\dimen162
)) (/usr/share/texlive/texmf-dist/tex/latex/amsmath/amsbsy.sty
Package: amsbsy 1999/11/29 v1.2d Bold Symbols
\pmbraise@=\dimen163
) (/usr/share/texlive/texmf-dist/tex/latex/amsmath/amsopn.sty
Package: amsopn 2021/08/26 v2.02 operator names
)
\inf@bad=\count404
LaTeX Info: Redefining \frac on input line 234.
\uproot@=\count405
\leftroot@=\count406
LaTeX Info: Redefining \overline on input line 399.
\classnum@=\count407
\DOTSCASE@=\count408
LaTeX Info: Redefining \ldots on input line 496.
LaTeX Info: Redefining \dots on input line 499.
LaTeX Info: Redefining \cdots on input line 620.
\Mathstrutbox@=\box59
\strutbox@=\box60
\big@size=\dimen164
LaTeX Font Info:    Redeclaring font encoding OML on input line 743.
LaTeX Font Info:    Redeclaring font encoding OMS on input line 744.
\macc@depth=\count409
\c@MaxMatrixCols=\count410
\dotsspace@=\muskip21
\c@parentequation=\count411
\dspbrk@lvl=\count412
\tag@help=\toks27
\row@=\count413
\column@=\count414
\maxfields@=\count415
\andhelp@=\toks28
\eqnshift@=\dimen165
\alignsep@=\dimen166
\tagshift@=\dimen167
\tagwidth@=\dimen168
\totwidth@=\dimen169
\lineht@=\dimen170
\@envbody=\toks29
\multlinegap=\skip77
\multlinetaggap=\skip78
\mathdisplay@stack=\toks30
LaTeX Info: Redefining \[ on input line 2938.
LaTeX Info: Redefining \] on input line 2939.
) (/usr/share/texlive/texmf-dist/tex/latex/caption/subcaption.sty
Package: subcaption 2020/10/07 v1.3j Sub-captions (AR)
 (/usr/share/texlive/texmf-dist/tex/latex/caption/caption.sty
Package: caption 2020/10/26 v3.5g Customizing captions (AR)
 (/usr/share/texlive/texmf-dist/tex/latex/caption/caption3.sty
Package: caption3 2020/10/21 v2.2e caption3 kernel (AR)
\captionmargin=\dimen171
\captionmargin@=\dimen172
\captionwidth=\dimen173
\caption@tempdima=\dimen174
\caption@indent=\dimen175
\caption@parindent=\dimen176
\caption@hangindent=\dimen177
Package caption Info: Standard document class detected.
)
\c@caption@flags=\count416
\c@continuedfloat=\count417
Package caption Info: float package is loaded.
Package caption Info: listings package is loaded.
)
\c@subfigure=\count418
\c@subtable=\count419
) (/usr/share/texlive/texmf-dist/tex/latex/listings/lstlang1.sty
File: lstlang1.sty 2020/03/24 1.8d listings language file
)
\@quotelevel=\count420
\@quotereset=\count421
 (./Praca_Magisterska_Maciej_Pracucik.aux)
\openout1 = `Praca_Magisterska_Maciej_Pracucik.aux'.

LaTeX Font Info:    Checking defaults for OML/cmm/m/it on input line 54.
LaTeX Font Info:    ... okay on input line 54.
LaTeX Font Info:    Checking defaults for OMS/cmsy/m/n on input line 54.
LaTeX Font Info:    ... okay on input line 54.
LaTeX Font Info:    Checking defaults for OT1/cmr/m/n on input line 54.
LaTeX Font Info:    ... okay on input line 54.
LaTeX Font Info:    Checking defaults for T1/cmr/m/n on input line 54.
LaTeX Font Info:    ... okay on input line 54.
LaTeX Font Info:    Checking defaults for TS1/cmr/m/n on input line 54.
LaTeX Font Info:    ... okay on input line 54.
LaTeX Font Info:    Checking defaults for OMX/cmex/m/n on input line 54.
LaTeX Font Info:    ... okay on input line 54.
LaTeX Font Info:    Checking defaults for U/cmr/m/n on input line 54.
LaTeX Font Info:    ... okay on input line 54.
LaTeX Font Info:    Checking defaults for OT4/cmr/m/n on input line 54.
LaTeX Font Info:    ... okay on input line 54.
 (/usr/share/texlive/texmf-dist/tex/context/base/mkii/supp-pdf.mkii
[Loading MPS to PDF converter (version 2006.09.02).]
\scratchcounter=\count422
\scratchdimen=\dimen178
\scratchbox=\box61
\nofMPsegments=\count423
\nofMParguments=\count424
\everyMPshowfont=\toks31
\MPscratchCnt=\count425
\MPscratchDim=\dimen179
\MPnumerator=\count426
\makeMPintoPDFobject=\count427
\everyMPtoPDFconversion=\toks32
) (/usr/share/texlive/texmf-dist/tex/latex/epstopdf-pkg/epstopdf-base.sty
Package: epstopdf-base 2020-01-24 v2.11 Base part for package epstopdf
Package epstopdf-base Info: Redefining graphics rule for `.eps' on input line 485.
 (/usr/share/texlive/texmf-dist/tex/latex/latexconfig/epstopdf-sys.cfg
File: epstopdf-sys.cfg 2010/07/13 v1.3 Configuration of (r)epstopdf for TeX Live
)) (/usr/share/texlive/texmf-dist/tex/latex/pdflscape/pdflscape.sty
Package: pdflscape 2019/12/05 v0.12 Display of landscape pages in PDF (HO)
 (/usr/share/texlive/texmf-dist/tex/latex/graphics/lscape.sty
Package: lscape 2020/05/28 v3.02 Landscape Pages (DPC)
)
Package pdflscape Info: Auto-detected driver: pdftex on input line 81.
)
*geometry* driver: auto-detecting
*geometry* detected driver: pdftex
*geometry* verbose mode - [ preamble ] result:
* driver: pdftex
* paper: a4paper
* layout: <same size as paper>
* layoutoffset:(h,v)=(0.0pt,0.0pt)
* modes: 
* h-part:(L,W,R)=(71.13188pt, 455.24411pt, 71.13188pt)
* v-part:(T,H,B)=(35.56593pt, 708.07426pt, 101.40665pt)
* \paperwidth=597.50787pt
* \paperheight=845.04684pt
* \textwidth=455.24411pt
* \textheight=708.07426pt
* \oddsidemargin=-1.1381pt
* \evensidemargin=-1.1381pt
* \topmargin=-73.70406pt
* \headheight=12.0pt
* \headsep=25.0pt
* \topskip=12.0pt
* \footskip=30.0pt
* \marginparwidth=44.0pt
* \marginparsep=10.0pt
* \columnsep=10.0pt
* \skip\footins=10.8pt plus 4.0pt minus 2.0pt
* \hoffset=0.0pt
* \voffset=0.0pt
* \mag=1000
* \@twocolumnfalse
* \@twosidefalse
* \@mparswitchfalse
* \@reversemarginfalse
* (1in=72.27pt=25.4mm, 1cm=28.453pt)

Package biblatex Info: Trying to load language 'english'...
Package biblatex Info: ... file 'english.lbx' found.
(/usr/share/texlive/texmf-dist/tex/latex/biblatex/lbx/english.lbx
File: english.lbx 2022/02/02 v3.17 biblatex localization (PK/MW)
)
Package biblatex Info: Input encoding 'utf8' detected.
Package biblatex Info: Automatic encoding selection.
(biblatex)             Assuming data encoding 'utf8'.
\openout3 = `Praca_Magisterska_Maciej_Pracucik.bcf'.

Package biblatex Info: Trying to load bibliographic data...
Package biblatex Info: ... file 'Praca_Magisterska_Maciej_Pracucik.bbl' found.
 (./Praca_Magisterska_Maciej_Pracucik.bbl)
Package biblatex Info: Reference section=0 on input line 54.
Package biblatex Info: Reference segment=0 on input line 54.
\c@lstlisting=\count428
Package caption Info: Begin \AtBeginDocument code.
Package caption Info: End \AtBeginDocument code.
<Strona_Tytulowa.pdf, id=1, 598.235pt x 845.1575pt>
File: Strona_Tytulowa.pdf Graphic file (type pdf)
<use Strona_Tytulowa.pdf>
Package pdftex.def Info: Strona_Tytulowa.pdf  used on input line 56.
(pdftex.def)             Requested size: 598.23354pt x 845.15544pt.
File: Strona_Tytulowa.pdf Graphic file (type pdf)
<use Strona_Tytulowa.pdf>
Package pdftex.def Info: Strona_Tytulowa.pdf  used on input line 56.
(pdftex.def)             Requested size: 598.23354pt x 845.15544pt.
<Strona_Tytulowa.pdf, id=4, page=1, 598.235pt x 845.1575pt>
File: Strona_Tytulowa.pdf Graphic file (type pdf)
<use Strona_Tytulowa.pdf, page 1>
Package pdftex.def Info: Strona_Tytulowa.pdf , page1 used on input line 56.
(pdftex.def)             Requested size: 598.23354pt x 845.15544pt.
File: Strona_Tytulowa.pdf Graphic file (type pdf)
<use Strona_Tytulowa.pdf, page 1>
Package pdftex.def Info: Strona_Tytulowa.pdf , page1 used on input line 56.
(pdftex.def)             Requested size: 597.7406pt x 844.45905pt.
File: Strona_Tytulowa.pdf Graphic file (type pdf)
<use Strona_Tytulowa.pdf, page 1>
Package pdftex.def Info: Strona_Tytulowa.pdf , page1 used on input line 56.
(pdftex.def)             Requested size: 597.7406pt x 844.45905pt.
File: Strona_Tytulowa.pdf Graphic file (type pdf)
<use Strona_Tytulowa.pdf, page 1>
Package pdftex.def Info: Strona_Tytulowa.pdf , page1 used on input line 56.
(pdftex.def)             Requested size: 597.7406pt x 844.45905pt.
File: Strona_Tytulowa.pdf Graphic file (type pdf)
<use Strona_Tytulowa.pdf, page 1>
Package pdftex.def Info: Strona_Tytulowa.pdf , page1 used on input line 56.
(pdftex.def)             Requested size: 597.7406pt x 844.45905pt.
 [1

 <./Strona_Tytulowa.pdf>] (./Praca_Magisterska_Maciej_Pracucik.toc
LaTeX Font Info:    Trying to load font information for OML+plm on input line 2.
 (/usr/share/texlive/texmf-dist/tex/latex/polski/omlplm.fd
File: omlplm.fd 2008/02/24 v1.2.1 Font defs for fonts PL (MW)
)
LaTeX Font Info:    Trying to load font information for OMS+plsy on input line 2.
 (/usr/share/texlive/texmf-dist/tex/latex/polski/omsplsy.fd
File: omsplsy.fd 2008/02/24 v1.2.1 Font defs for fonts PL (MW)
)
LaTeX Font Info:    Trying to load font information for OMX+plex on input line 2.
 (/usr/share/texlive/texmf-dist/tex/latex/polski/omxplex.fd
File: omxplex.fd 2008/02/24 v1.2.1 Font defs for fonts PL (MW)
)
LaTeX Font Info:    External font `plex10' loaded for size
(Font)              <12> on input line 2.
LaTeX Font Info:    External font `plex10' loaded for size
(Font)              <8> on input line 2.
LaTeX Font Info:    External font `plex10' loaded for size
(Font)              <6> on input line 2.
)
\tf@toc=\write4
\openout4 = `Praca_Magisterska_Maciej_Pracucik.toc'.

 [2{/var/lib/texmf/fonts/map/pdftex/updmap/pdftex.map}] [3]
<./zdjecia//neural-network-stanford.png, id=32, 1505.625pt x 351.3125pt>
File: ./zdjecia//neural-network-stanford.png Graphic file (type png)
<use ./zdjecia//neural-network-stanford.png>
Package pdftex.def Info: ./zdjecia//neural-network-stanford.png  used on input line 124.
(pdftex.def)             Requested size: 455.24411pt x 106.22545pt.
 [4]
<./zdjecia//perceptron.png, id=36, 523.20468pt x 261.22594pt>
File: ./zdjecia//perceptron.png Graphic file (type png)
<use ./zdjecia//perceptron.png>
Package pdftex.def Info: ./zdjecia//perceptron.png  used on input line 137.
(pdftex.def)             Requested size: 283.63602pt x 141.61269pt.
 [5 <./zdjecia//neural-network-stanford.png> <./zdjecia//perceptron.png>] [6]
<./zdjecia//gan.png, id=45, 769.37437pt x 474.27188pt>
File: ./zdjecia//gan.png Graphic file (type png)
<use ./zdjecia//gan.png>
Package pdftex.def Info: ./zdjecia//gan.png  used on input line 172.
(pdftex.def)             Requested size: 344.59518pt x 212.42444pt.
<./zdjecia//gan-budowa.png, id=47, 733.23938pt x 328.22626pt>
File: ./zdjecia//gan-budowa.png Graphic file (type png)
<use ./zdjecia//gan-budowa.png>
Package pdftex.def Info: ./zdjecia//gan-budowa.png  used on input line 178.
(pdftex.def)             Requested size: 316.36087pt x 141.61269pt.
 [7 <./zdjecia//gan.png> <./zdjecia//gan-budowa.png>]
<./zdjecia//gesture-gan.png, id=54, 150.5625pt x 149.05687pt>
File: ./zdjecia//gesture-gan.png Graphic file (type png)
<use ./zdjecia//gesture-gan.png>
Package pdftex.def Info: ./zdjecia//gesture-gan.png  used on input line 202.
(pdftex.def)             Requested size: 114.96167pt x 113.81102pt.
 [8]
<./zdjecia//gesturegan-framework.jpg, id=58, 6050.605pt x 3065.4525pt>
File: ./zdjecia//gesturegan-framework.jpg Graphic file (type jpg)
<use ./zdjecia//gesturegan-framework.jpg>
Package pdftex.def Info: ./zdjecia//gesturegan-framework.jpg  used on input line 209.
(pdftex.def)             Requested size: 419.24637pt x 212.42444pt.
<./zdjecia//pose-gan.png, id=59, 131.74219pt x 91.84312pt>
File: ./zdjecia//pose-gan.png Graphic file (type png)
<use ./zdjecia//pose-gan.png>
Package pdftex.def Info: ./zdjecia//pose-gan.png  used on input line 226.
(pdftex.def)             Requested size: 131.74185pt x 91.84288pt.
 [9 <./zdjecia//gesture-gan.png> <./zdjecia//gesturegan-framework.jpg>]
<./zdjecia//pose-gan-ex.jpg, id=66, 649.67719pt x 451.6875pt>
File: ./zdjecia//pose-gan-ex.jpg Graphic file (type jpg)
<use ./zdjecia//pose-gan-ex.jpg>
Package pdftex.def Info: ./zdjecia//pose-gan-ex.jpg  used on input line 232.
(pdftex.def)             Requested size: 305.54659pt x 212.42444pt.
 [10 <./zdjecia//pose-gan.png> <./zdjecia//pose-gan-ex.jpg>] [11] [12] [13]
LaTeX Font Info:    Trying to load font information for OT4+cmtt on input line 320.
 (/usr/share/texlive/texmf-dist/tex/latex/polski/ot4cmtt.fd
File: ot4cmtt.fd 2008/02/24 v1.2.1 Font defs for fonts PL (MW)
) [14]
<./zdjecia//cycle-gan-45.jpg, id=85, 722.7pt x 347.6187pt>
File: ./zdjecia//cycle-gan-45.jpg Graphic file (type jpg)
<use ./zdjecia//cycle-gan-45.jpg>
Package pdftex.def Info: ./zdjecia//cycle-gan-45.jpg  used on input line 374.
(pdftex.def)             Requested size: 409.71692pt x 197.07326pt.
 [15]
Underfull \hbox (badness 10000) in paragraph at lines 378--387

 []

<./zdjecia//orig.jpg, id=89, 513.92pt x 685.56125pt>
File: ./zdjecia//orig.jpg Graphic file (type jpg)
<use ./zdjecia//orig.jpg>
Package pdftex.def Info: ./zdjecia//orig.jpg  used on input line 393.
(pdftex.def)             Requested size: 182.09486pt x 242.91043pt.
<./zdjecia//cropped.jpg, id=90, 256.96pt x 256.96pt>
File: ./zdjecia//cropped.jpg Graphic file (type jpg)
<use ./zdjecia//cropped.jpg>
Package pdftex.def Info: ./zdjecia//cropped.jpg  used on input line 398.
(pdftex.def)             Requested size: 227.62206pt x 227.62718pt.
[16 <./zdjecia//cycle-gan-45.jpg>]
<./zdjecia//landmark.jpg, id=94, 256.96pt x 256.96pt>
File: ./zdjecia//landmark.jpg Graphic file (type jpg)
<use ./zdjecia//landmark.jpg>
Package pdftex.def Info: ./zdjecia//landmark.jpg  used on input line 409.
(pdftex.def)             Requested size: 177.02028pt x 177.01855pt.
<./zdjecia//blurred_just_hand.jpg, id=95, 256.96pt x 256.96pt>
File: ./zdjecia//blurred_just_hand.jpg Graphic file (type jpg)
<use ./zdjecia//blurred_just_hand.jpg>
Package pdftex.def Info: ./zdjecia//blurred_just_hand.jpg  used on input line 419.
(pdftex.def)             Requested size: 216.24025pt x 216.24484pt.
<./zdjecia//blurred.jpg, id=96, 256.96pt x 256.96pt>
File: ./zdjecia//blurred.jpg Graphic file (type jpg)
<use ./zdjecia//blurred.jpg>
Package pdftex.def Info: ./zdjecia//blurred.jpg  used on input line 424.
(pdftex.def)             Requested size: 216.24025pt x 216.24484pt.
 [17 <./zdjecia//orig.jpg> <./zdjecia//cropped.jpg> <./zdjecia//landmark.jpg>]
<./zdjecia//no_hand.jpg, id=100, 256.96pt x 256.96pt>
File: ./zdjecia//no_hand.jpg Graphic file (type jpg)
<use ./zdjecia//no_hand.jpg>
Package pdftex.def Info: ./zdjecia//no_hand.jpg  used on input line 437.
(pdftex.def)             Requested size: 141.61465pt x 141.61269pt.
 [18 <./zdjecia//blurred_just_hand.jpg> <./zdjecia//blurred.jpg> <./zdjecia//no_hand.jpg>]
<./zdjecia//generator.png, id=104, 2477.255pt x 4307.09125pt>
File: ./zdjecia//generator.png Graphic file (type png)
<use ./zdjecia//generator.png>
Package pdftex.def Info: ./zdjecia//generator.png  used on input line 457.
(pdftex.def)             Requested size: 407.25525pt x 708.0763pt.
 [19]
Overfull \vbox (24.50201pt too high) has occurred while \output is active []

 [20 <./zdjecia//generator.png>]
<./zdjecia//discriminator.png, id=113, 1315.91624pt x 773.89125pt>
File: ./zdjecia//discriminator.png Graphic file (type png)
<use ./zdjecia//discriminator.png>
Package pdftex.def Info: ./zdjecia//discriminator.png  used on input line 464.
(pdftex.def)             Requested size: 455.23651pt x 267.7249pt.

Underfull \hbox (badness 1454) in paragraph at lines 468--474
\OT4/cmr/m/n/12 po-mi¦-dzy po-je-dyn-czy-mi pi-xe-la-mi, po-mi¦-dzy prze-wi-dy-wa-n¡ war-to-±ci¡, a fak-tycz-n¡
 []


Underfull \hbox (badness 10000) in paragraph at lines 468--474

 []

[21 <./zdjecia//discriminator.png>] [22] [23]
<./zdjecia//cycle-gan/epoch-1.jpg, id=127, 721.9773pt x 357.7365pt>
File: ./zdjecia//cycle-gan/epoch-1.jpg Graphic file (type jpg)
<use ./zdjecia//cycle-gan/epoch-1.jpg>
Package pdftex.def Info: ./zdjecia//cycle-gan/epoch-1.jpg  used on input line 553.
(pdftex.def)             Requested size: 227.62206pt x 112.78584pt.
<./zdjecia//cycle-gan/epoch-5.jpg, id=128, 716.1957pt x 354.8457pt>
File: ./zdjecia//cycle-gan/epoch-5.jpg Graphic file (type jpg)
<use ./zdjecia//cycle-gan/epoch-5.jpg>
Package pdftex.def Info: ./zdjecia//cycle-gan/epoch-5.jpg  used on input line 559.
(pdftex.def)             Requested size: 227.62206pt x 112.77324pt.
<./zdjecia//cycle-gan/epoch-15.jpg, id=129, 721.9773pt x 351.9549pt>
File: ./zdjecia//cycle-gan/epoch-15.jpg Graphic file (type jpg)
<use ./zdjecia//cycle-gan/epoch-15.jpg>
Package pdftex.def Info: ./zdjecia//cycle-gan/epoch-15.jpg  used on input line 567.
(pdftex.def)             Requested size: 227.62206pt x 110.96304pt.
<./zdjecia//cycle-gan/epoch-20.jpg, id=130, 714.7503pt x 356.2911pt>
File: ./zdjecia//cycle-gan/epoch-20.jpg Graphic file (type jpg)
<use ./zdjecia//cycle-gan/epoch-20.jpg>
Package pdftex.def Info: ./zdjecia//cycle-gan/epoch-20.jpg  used on input line 573.
(pdftex.def)             Requested size: 227.62206pt x 113.46638pt.
<./zdjecia//cycle-gan/epoch-25.jpg, id=131, 708.9687pt x 349.0641pt>
File: ./zdjecia//cycle-gan/epoch-25.jpg Graphic file (type jpg)
<use ./zdjecia//cycle-gan/epoch-25.jpg>
Package pdftex.def Info: ./zdjecia//cycle-gan/epoch-25.jpg  used on input line 581.
(pdftex.def)             Requested size: 227.62206pt x 112.0703pt.
<./zdjecia//cycle-gan/epoch-30.jpg, id=132, 727.0362pt x 347.6187pt>
File: ./zdjecia//cycle-gan/epoch-30.jpg Graphic file (type jpg)
<use ./zdjecia//cycle-gan/epoch-30.jpg>
Package pdftex.def Info: ./zdjecia//cycle-gan/epoch-30.jpg  used on input line 587.
(pdftex.def)             Requested size: 227.62206pt x 108.83212pt.
<./zdjecia//cycle-gan/epoch-35.jpg, id=133, 712.5822pt x 354.8457pt>
File: ./zdjecia//cycle-gan/epoch-35.jpg Graphic file (type jpg)
<use ./zdjecia//cycle-gan/epoch-35.jpg>
Package pdftex.def Info: ./zdjecia//cycle-gan/epoch-35.jpg  used on input line 595.
(pdftex.def)             Requested size: 227.62206pt x 113.34718pt.
<./zdjecia//cycle-gan/epoch-40.jpg, id=134, 712.5822pt x 356.2911pt>
File: ./zdjecia//cycle-gan/epoch-40.jpg Graphic file (type jpg)
<use ./zdjecia//cycle-gan/epoch-40.jpg>
Package pdftex.def Info: ./zdjecia//cycle-gan/epoch-40.jpg  used on input line 601.
(pdftex.def)             Requested size: 227.62206pt x 113.80888pt.
 [24 <./zdjecia//cycle-gan/epoch-1.jpg> <./zdjecia//cycle-gan/epoch-5.jpg> <./zdjecia//cycle-gan/epoch-15.jpg> <./zdjecia//cycle-gan/epoch-20.jpg>]
<./zdjecia//cycle-gan/epoch-45.jpg, id=139, 720.5319pt x 356.2911pt>
File: ./zdjecia//cycle-gan/epoch-45.jpg Graphic file (type jpg)
<use ./zdjecia//cycle-gan/epoch-45.jpg>
Package pdftex.def Info: ./zdjecia//cycle-gan/epoch-45.jpg  used on input line 609.
(pdftex.def)             Requested size: 227.62206pt x 112.55304pt.
<./zdjecia//cycle-gan/epoch-50.jpg, id=140, 709.6914pt x 353.4003pt>
File: ./zdjecia//cycle-gan/epoch-50.jpg Graphic file (type jpg)
<use ./zdjecia//cycle-gan/epoch-50.jpg>
Package pdftex.def Info: ./zdjecia//cycle-gan/epoch-50.jpg  used on input line 615.
(pdftex.def)             Requested size: 227.62206pt x 113.34384pt.
<./zdjecia//cycle-gan/random/3eba8ca0-dc5f-4021-9dd5-3105e3f6f3c4.jpg, id=141, 1037.8775pt x 260.975pt>
File: ./zdjecia//cycle-gan/random/3eba8ca0-dc5f-4021-9dd5-3105e3f6f3c4.jpg Graphic file (type jpg)
<use ./zdjecia//cycle-gan/random/3eba8ca0-dc5f-4021-9dd5-3105e3f6f3c4.jpg>
Package pdftex.def Info: ./zdjecia//cycle-gan/random/3eba8ca0-dc5f-4021-9dd5-3105e3f6f3c4.jpg  used on input line 628.
(pdftex.def)             Requested size: 455.24411pt x 114.47096pt.
<./zdjecia//cycle-gan/random/385d1e83-effb-44aa-aae0-791c4d7501da.jpg, id=142, 519.9425pt x 260.975pt>
File: ./zdjecia//cycle-gan/random/385d1e83-effb-44aa-aae0-791c4d7501da.jpg Graphic file (type jpg)
<use ./zdjecia//cycle-gan/random/385d1e83-effb-44aa-aae0-791c4d7501da.jpg>
Package pdftex.def Info: ./zdjecia//cycle-gan/random/385d1e83-effb-44aa-aae0-791c4d7501da.jpg  used on input line 632.
(pdftex.def)             Requested size: 282.1373pt x 141.61269pt.
 [25 <./zdjecia//cycle-gan/epoch-25.jpg> <./zdjecia//cycle-gan/epoch-30.jpg> <./zdjecia//cycle-gan/epoch-35.jpg> <./zdjecia//cycle-gan/epoch-40.jpg> <./zdjecia//cycle-gan/epoch-45.jpg> <./zdjecia//cycle-gan/epoch-50.jpg>]
<./zdjecia//cycle-gan/random/91b77fa0-174d-464e-9cef-2c76388613eb.jpg, id=147, 1037.8775pt x 260.975pt>
File: ./zdjecia//cycle-gan/random/91b77fa0-174d-464e-9cef-2c76388613eb.jpg Graphic file (type jpg)
<use ./zdjecia//cycle-gan/random/91b77fa0-174d-464e-9cef-2c76388613eb.jpg>
Package pdftex.def Info: ./zdjecia//cycle-gan/random/91b77fa0-174d-464e-9cef-2c76388613eb.jpg  used on input line 636.
(pdftex.def)             Requested size: 455.24411pt x 114.47096pt.
<./zdjecia//cycle-gan/random/03f12c67-1c59-4e35-9fca-8c9332564fe9.jpg, id=148, 519.9425pt x 260.975pt>
File: ./zdjecia//cycle-gan/random/03f12c67-1c59-4e35-9fca-8c9332564fe9.jpg Graphic file (type jpg)
<use ./zdjecia//cycle-gan/random/03f12c67-1c59-4e35-9fca-8c9332564fe9.jpg>
Package pdftex.def Info: ./zdjecia//cycle-gan/random/03f12c67-1c59-4e35-9fca-8c9332564fe9.jpg  used on input line 640.
(pdftex.def)             Requested size: 282.1373pt x 141.61269pt.
<./zdjecia//pix2pix/output_copy/generated_1.jpg, id=149, 256.96pt x 256.96pt>
File: ./zdjecia//pix2pix/output_copy/generated_1.jpg Graphic file (type jpg)
<use ./zdjecia//pix2pix/output_copy/generated_1.jpg>
Package pdftex.def Info: ./zdjecia//pix2pix/output_copy/generated_1.jpg  used on input line 663.
(pdftex.def)             Requested size: 109.26108pt x 109.2634pt.
<./zdjecia//pix2pix/output_copy/generated_20.jpg, id=150, 256.96pt x 256.96pt>
File: ./zdjecia//pix2pix/output_copy/generated_20.jpg Graphic file (type jpg)
<use ./zdjecia//pix2pix/output_copy/generated_20.jpg>
Package pdftex.def Info: ./zdjecia//pix2pix/output_copy/generated_20.jpg  used on input line 667.
(pdftex.def)             Requested size: 109.26108pt x 109.2634pt.
<./zdjecia//pix2pix/output_copy/generated_40.jpg, id=151, 256.96pt x 256.96pt>
File: ./zdjecia//pix2pix/output_copy/generated_40.jpg Graphic file (type jpg)
<use ./zdjecia//pix2pix/output_copy/generated_40.jpg>
Package pdftex.def Info: ./zdjecia//pix2pix/output_copy/generated_40.jpg  used on input line 671.
(pdftex.def)             Requested size: 109.26108pt x 109.2634pt.
<./zdjecia//pix2pix/output_copy/generated_50.jpg, id=152, 256.96pt x 256.96pt>
File: ./zdjecia//pix2pix/output_copy/generated_50.jpg Graphic file (type jpg)
<use ./zdjecia//pix2pix/output_copy/generated_50.jpg>
Package pdftex.def Info: ./zdjecia//pix2pix/output_copy/generated_50.jpg  used on input line 675.
(pdftex.def)             Requested size: 109.26108pt x 109.2634pt.
 [26 <./zdjecia//cycle-gan/random/3eba8ca0-dc5f-4021-9dd5-3105e3f6f3c4.jpg> <./zdjecia//cycle-gan/random/385d1e83-effb-44aa-aae0-791c4d7501da.jpg> <./zdjecia//cycle-gan/random/91b77fa0-174d-464e-9cef-2c76388613eb.jpg> <./zdjecia//cycle-gan/random/03f12c67-1c59-4e35-9fca-8c9332564fe9.jpg>]
<./zdjecia//pix2pix/output_copy_2/generated_1.jpg, id=156, 256.96pt x 256.96pt>
File: ./zdjecia//pix2pix/output_copy_2/generated_1.jpg Graphic file (type jpg)
<use ./zdjecia//pix2pix/output_copy_2/generated_1.jpg>
Package pdftex.def Info: ./zdjecia//pix2pix/output_copy_2/generated_1.jpg  used on input line 683.
(pdftex.def)             Requested size: 150.23138pt x 150.23277pt.
<./zdjecia//pix2pix/output_copy_2/generated_20.jpg, id=157, 256.96pt x 256.96pt>
File: ./zdjecia//pix2pix/output_copy_2/generated_20.jpg Graphic file (type jpg)
<use ./zdjecia//pix2pix/output_copy_2/generated_20.jpg>
Package pdftex.def Info: ./zdjecia//pix2pix/output_copy_2/generated_20.jpg  used on input line 687.
(pdftex.def)             Requested size: 150.23138pt x 150.23277pt.
<./zdjecia//pix2pix/output_copy_2/generated_40.jpg, id=158, 256.96pt x 256.96pt>
File: ./zdjecia//pix2pix/output_copy_2/generated_40.jpg Graphic file (type jpg)
<use ./zdjecia//pix2pix/output_copy_2/generated_40.jpg>
Package pdftex.def Info: ./zdjecia//pix2pix/output_copy_2/generated_40.jpg  used on input line 691.
(pdftex.def)             Requested size: 150.23138pt x 150.23277pt.
<./zdjecia//pix2pix/output_copy_2/generated_60.jpg, id=159, 256.96pt x 256.96pt>
File: ./zdjecia//pix2pix/output_copy_2/generated_60.jpg Graphic file (type jpg)
<use ./zdjecia//pix2pix/output_copy_2/generated_60.jpg>
Package pdftex.def Info: ./zdjecia//pix2pix/output_copy_2/generated_60.jpg  used on input line 695.
(pdftex.def)             Requested size: 145.68144pt x 145.68454pt.
<./zdjecia//pix2pix/output_copy_2/generated_80.jpg, id=160, 256.96pt x 256.96pt>
File: ./zdjecia//pix2pix/output_copy_2/generated_80.jpg Graphic file (type jpg)
<use ./zdjecia//pix2pix/output_copy_2/generated_80.jpg>
Package pdftex.def Info: ./zdjecia//pix2pix/output_copy_2/generated_80.jpg  used on input line 699.
(pdftex.def)             Requested size: 145.68144pt x 145.68454pt.
<./zdjecia//pix2pix/output_copy_2/generated_100.jpg, id=161, 256.96pt x 256.96pt>
File: ./zdjecia//pix2pix/output_copy_2/generated_100.jpg Graphic file (type jpg)
<use ./zdjecia//pix2pix/output_copy_2/generated_100.jpg>
Package pdftex.def Info: ./zdjecia//pix2pix/output_copy_2/generated_100.jpg  used on input line 703.
(pdftex.def)             Requested size: 145.68144pt x 145.68454pt.
 [27 <./zdjecia//pix2pix/output_copy/generated_1.jpg> <./zdjecia//pix2pix/output_copy/generated_20.jpg> <./zdjecia//pix2pix/output_copy/generated_40.jpg> <./zdjecia//pix2pix/output_copy/generated_50.jpg>]
<./zdjecia//pix2pix/generated_single.jpg, id=165, 256.96pt x 256.96pt>
File: ./zdjecia//pix2pix/generated_single.jpg Graphic file (type jpg)
<use ./zdjecia//pix2pix/generated_single.jpg>
Package pdftex.def Info: ./zdjecia//pix2pix/generated_single.jpg  used on input line 713.
(pdftex.def)             Requested size: 177.02028pt x 177.01855pt.
<./zdjecia//pix2pix/a7c3c2bf-fdaf-47a4-a976-280a1a4ad3dc.jpg, id=166, 256.96pt x 256.96pt>
File: ./zdjecia//pix2pix/a7c3c2bf-fdaf-47a4-a976-280a1a4ad3dc.jpg Graphic file (type jpg)
<use ./zdjecia//pix2pix/a7c3c2bf-fdaf-47a4-a976-280a1a4ad3dc.jpg>
Package pdftex.def Info: ./zdjecia//pix2pix/a7c3c2bf-fdaf-47a4-a976-280a1a4ad3dc.jpg  used on input line 722.
(pdftex.def)             Requested size: 177.02028pt x 177.01855pt.
 [28 <./zdjecia//pix2pix/output_copy_2/generated_1.jpg> <./zdjecia//pix2pix/output_copy_2/generated_20.jpg> <./zdjecia//pix2pix/output_copy_2/generated_40.jpg> <./zdjecia//pix2pix/output_copy_2/generated_60.jpg> <./zdjecia//pix2pix/output_copy_2/generated_80.jpg> <./zdjecia//pix2pix/output_copy_2/generated_100.jpg> <./zdjecia//pix2pix/generated_single.jpg>]
<./zdjecia//pix2pix/output_copy_5/generated_1.jpg, id=170, 256.96pt x 256.96pt>
File: ./zdjecia//pix2pix/output_copy_5/generated_1.jpg Graphic file (type jpg)
<use ./zdjecia//pix2pix/output_copy_5/generated_1.jpg>
Package pdftex.def Info: ./zdjecia//pix2pix/output_copy_5/generated_1.jpg  used on input line 729.
(pdftex.def)             Requested size: 150.23138pt x 150.23277pt.
<./zdjecia//pix2pix/output_copy_5/generated_20.jpg, id=171, 256.96pt x 256.96pt>
File: ./zdjecia//pix2pix/output_copy_5/generated_20.jpg Graphic file (type jpg)
<use ./zdjecia//pix2pix/output_copy_5/generated_20.jpg>
Package pdftex.def Info: ./zdjecia//pix2pix/output_copy_5/generated_20.jpg  used on input line 733.
(pdftex.def)             Requested size: 150.23138pt x 150.23277pt.
<./zdjecia//pix2pix/output_copy_5/generated_40.jpg, id=172, 256.96pt x 256.96pt>
File: ./zdjecia//pix2pix/output_copy_5/generated_40.jpg Graphic file (type jpg)
<use ./zdjecia//pix2pix/output_copy_5/generated_40.jpg>
Package pdftex.def Info: ./zdjecia//pix2pix/output_copy_5/generated_40.jpg  used on input line 737.
(pdftex.def)             Requested size: 150.23138pt x 150.23277pt.
<./zdjecia//pix2pix/output_copy_5/generated_60.jpg, id=173, 256.96pt x 256.96pt>
File: ./zdjecia//pix2pix/output_copy_5/generated_60.jpg Graphic file (type jpg)
<use ./zdjecia//pix2pix/output_copy_5/generated_60.jpg>
Package pdftex.def Info: ./zdjecia//pix2pix/output_copy_5/generated_60.jpg  used on input line 741.
(pdftex.def)             Requested size: 145.68144pt x 145.68454pt.
<./zdjecia//pix2pix/output_copy_5/generated_80.jpg, id=174, 256.96pt x 256.96pt>
File: ./zdjecia//pix2pix/output_copy_5/generated_80.jpg Graphic file (type jpg)
<use ./zdjecia//pix2pix/output_copy_5/generated_80.jpg>
Package pdftex.def Info: ./zdjecia//pix2pix/output_copy_5/generated_80.jpg  used on input line 745.
(pdftex.def)             Requested size: 145.68144pt x 145.68454pt.
<./zdjecia//pix2pix/output_copy_5/generated_100.jpg, id=175, 256.96pt x 256.96pt>
File: ./zdjecia//pix2pix/output_copy_5/generated_100.jpg Graphic file (type jpg)
<use ./zdjecia//pix2pix/output_copy_5/generated_100.jpg>
Package pdftex.def Info: ./zdjecia//pix2pix/output_copy_5/generated_100.jpg  used on input line 749.
(pdftex.def)             Requested size: 145.68144pt x 145.68454pt.
<./zdjecia//pix2pix/output_copy_6/generated_1.jpg, id=176, 256.96pt x 256.96pt>
File: ./zdjecia//pix2pix/output_copy_6/generated_1.jpg Graphic file (type jpg)
<use ./zdjecia//pix2pix/output_copy_6/generated_1.jpg>
Package pdftex.def Info: ./zdjecia//pix2pix/output_copy_6/generated_1.jpg  used on input line 756.
(pdftex.def)             Requested size: 150.23138pt x 150.23277pt.
<./zdjecia//pix2pix/output_copy_6/generated_20.jpg, id=177, 256.96pt x 256.96pt>
File: ./zdjecia//pix2pix/output_copy_6/generated_20.jpg Graphic file (type jpg)
<use ./zdjecia//pix2pix/output_copy_6/generated_20.jpg>
Package pdftex.def Info: ./zdjecia//pix2pix/output_copy_6/generated_20.jpg  used on input line 760.
(pdftex.def)             Requested size: 150.23138pt x 150.23277pt.
<./zdjecia//pix2pix/output_copy_6/generated_40.jpg, id=178, 256.96pt x 256.96pt>
File: ./zdjecia//pix2pix/output_copy_6/generated_40.jpg Graphic file (type jpg)
<use ./zdjecia//pix2pix/output_copy_6/generated_40.jpg>
Package pdftex.def Info: ./zdjecia//pix2pix/output_copy_6/generated_40.jpg  used on input line 764.
(pdftex.def)             Requested size: 150.23138pt x 150.23277pt.
<./zdjecia//pix2pix/output_copy_6/generated_60.jpg, id=179, 256.96pt x 256.96pt>
File: ./zdjecia//pix2pix/output_copy_6/generated_60.jpg Graphic file (type jpg)
<use ./zdjecia//pix2pix/output_copy_6/generated_60.jpg>
Package pdftex.def Info: ./zdjecia//pix2pix/output_copy_6/generated_60.jpg  used on input line 768.
(pdftex.def)             Requested size: 145.68144pt x 145.68454pt.
<./zdjecia//pix2pix/output_copy_6/generated_80.jpg, id=180, 256.96pt x 256.96pt>
File: ./zdjecia//pix2pix/output_copy_6/generated_80.jpg Graphic file (type jpg)
<use ./zdjecia//pix2pix/output_copy_6/generated_80.jpg>
Package pdftex.def Info: ./zdjecia//pix2pix/output_copy_6/generated_80.jpg  used on input line 772.
(pdftex.def)             Requested size: 145.68144pt x 145.68454pt.
<./zdjecia//pix2pix/output_copy_6/generated_100.jpg, id=181, 256.96pt x 256.96pt>
File: ./zdjecia//pix2pix/output_copy_6/generated_100.jpg Graphic file (type jpg)
<use ./zdjecia//pix2pix/output_copy_6/generated_100.jpg>
Package pdftex.def Info: ./zdjecia//pix2pix/output_copy_6/generated_100.jpg  used on input line 776.
(pdftex.def)             Requested size: 145.68144pt x 145.68454pt.
<./zdjecia//pix2pix/output/generated_1.jpg, id=182, 256.96pt x 256.96pt>
File: ./zdjecia//pix2pix/output/generated_1.jpg Graphic file (type jpg)
<use ./zdjecia//pix2pix/output/generated_1.jpg>
Package pdftex.def Info: ./zdjecia//pix2pix/output/generated_1.jpg  used on input line 783.
(pdftex.def)             Requested size: 150.23138pt x 150.23277pt.
<./zdjecia//pix2pix/output/generated_20.jpg, id=183, 256.96pt x 256.96pt>
File: ./zdjecia//pix2pix/output/generated_20.jpg Graphic file (type jpg)
<use ./zdjecia//pix2pix/output/generated_20.jpg>
Package pdftex.def Info: ./zdjecia//pix2pix/output/generated_20.jpg  used on input line 787.
(pdftex.def)             Requested size: 150.23138pt x 150.23277pt.
<./zdjecia//pix2pix/output/generated_40.jpg, id=184, 256.96pt x 256.96pt>
File: ./zdjecia//pix2pix/output/generated_40.jpg Graphic file (type jpg)
<use ./zdjecia//pix2pix/output/generated_40.jpg>
Package pdftex.def Info: ./zdjecia//pix2pix/output/generated_40.jpg  used on input line 791.
(pdftex.def)             Requested size: 150.23138pt x 150.23277pt.
<./zdjecia//pix2pix/output/generated_60.jpg, id=185, 256.96pt x 256.96pt>
File: ./zdjecia//pix2pix/output/generated_60.jpg Graphic file (type jpg)
<use ./zdjecia//pix2pix/output/generated_60.jpg>
Package pdftex.def Info: ./zdjecia//pix2pix/output/generated_60.jpg  used on input line 795.
(pdftex.def)             Requested size: 145.68144pt x 145.68454pt.
<./zdjecia//pix2pix/output/generated_80.jpg, id=186, 256.96pt x 256.96pt>
File: ./zdjecia//pix2pix/output/generated_80.jpg Graphic file (type jpg)
<use ./zdjecia//pix2pix/output/generated_80.jpg>
Package pdftex.def Info: ./zdjecia//pix2pix/output/generated_80.jpg  used on input line 799.
(pdftex.def)             Requested size: 145.68144pt x 145.68454pt.
File: ./zdjecia//pix2pix/output_copy_6/generated_100.jpg Graphic file (type jpg)
<use ./zdjecia//pix2pix/output_copy_6/generated_100.jpg>
Package pdftex.def Info: ./zdjecia//pix2pix/output_copy_6/generated_100.jpg  used on input line 803.
(pdftex.def)             Requested size: 145.68144pt x 145.68454pt.
 [29 <./zdjecia//pix2pix/a7c3c2bf-fdaf-47a4-a976-280a1a4ad3dc.jpg> <./zdjecia//pix2pix/output_copy_5/generated_1.jpg> <./zdjecia//pix2pix/output_copy_5/generated_20.jpg> <./zdjecia//pix2pix/output_copy_5/generated_40.jpg> <./zdjecia//pix2pix/output_copy_5/generated_60.jpg> <./zdjecia//pix2pix/output_copy_5/generated_80.jpg> <./zdjecia//pix2pix/output_copy_5/generated_100.jpg>]
<./zdjecia//pix2pix/source.jpg, id=190, 256.96pt x 256.96pt>
File: ./zdjecia//pix2pix/source.jpg Graphic file (type jpg)
<use ./zdjecia//pix2pix/source.jpg>
Package pdftex.def Info: ./zdjecia//pix2pix/source.jpg  used on input line 811.
(pdftex.def)             Requested size: 145.68144pt x 145.68454pt.
<./zdjecia//pix2pix/replace.jpg, id=191, 256.96pt x 256.96pt>
File: ./zdjecia//pix2pix/replace.jpg Graphic file (type jpg)
<use ./zdjecia//pix2pix/replace.jpg>
Package pdftex.def Info: ./zdjecia//pix2pix/replace.jpg  used on input line 815.
(pdftex.def)             Requested size: 145.68144pt x 145.68454pt.
<./zdjecia//pix2pix/result.jpg, id=192, 256.96pt x 256.96pt>
File: ./zdjecia//pix2pix/result.jpg Graphic file (type jpg)
<use ./zdjecia//pix2pix/result.jpg>
Package pdftex.def Info: ./zdjecia//pix2pix/result.jpg  used on input line 819.
(pdftex.def)             Requested size: 145.68144pt x 145.68454pt.
 [30 <./zdjecia//pix2pix/output_copy_6/generated_1.jpg> <./zdjecia//pix2pix/output_copy_6/generated_20.jpg> <./zdjecia//pix2pix/output_copy_6/generated_40.jpg> <./zdjecia//pix2pix/output_copy_6/generated_60.jpg> <./zdjecia//pix2pix/output_copy_6/generated_80.jpg> <./zdjecia//pix2pix/output_copy_6/generated_100.jpg> <./zdjecia//pix2pix/output/generated_1.jpg> <./zdjecia//pix2pix/output/generated_20.jpg> <./zdjecia//pix2pix/output/generated_40.jpg> <./zdjecia//pix2pix/output/generated_60.jpg> <./zdjecia//pix2pix/output/generated_80.jpg>]
<./zdjecia//pix2pix/1a4cce92-979f-4754-a765-9849669a9dda.jpg, id=196, 256.96pt x 256.96pt>
File: ./zdjecia//pix2pix/1a4cce92-979f-4754-a765-9849669a9dda.jpg Graphic file (type jpg)
<use ./zdjecia//pix2pix/1a4cce92-979f-4754-a765-9849669a9dda.jpg>
Package pdftex.def Info: ./zdjecia//pix2pix/1a4cce92-979f-4754-a765-9849669a9dda.jpg  used on input line 827.
(pdftex.def)             Requested size: 145.68144pt x 145.68454pt.
<./zdjecia//pix2pix/result_v2.jpg, id=197, 256.96pt x 256.96pt>
File: ./zdjecia//pix2pix/result_v2.jpg Graphic file (type jpg)
<use ./zdjecia//pix2pix/result_v2.jpg>
Package pdftex.def Info: ./zdjecia//pix2pix/result_v2.jpg  used on input line 831.
(pdftex.def)             Requested size: 145.68144pt x 145.68454pt.
<./zdjecia//pix2pix/generated_single_v2.jpg, id=198, 256.96pt x 256.96pt>
File: ./zdjecia//pix2pix/generated_single_v2.jpg Graphic file (type jpg)
<use ./zdjecia//pix2pix/generated_single_v2.jpg>
Package pdftex.def Info: ./zdjecia//pix2pix/generated_single_v2.jpg  used on input line 835.
(pdftex.def)             Requested size: 145.68144pt x 145.68454pt.
 [31 <./zdjecia//pix2pix/source.jpg> <./zdjecia//pix2pix/replace.jpg> <./zdjecia//pix2pix/result.jpg> <./zdjecia//pix2pix/1a4cce92-979f-4754-a765-9849669a9dda.jpg> <./zdjecia//pix2pix/result_v2.jpg> <./zdjecia//pix2pix/generated_single_v2.jpg>] [32]
<./zdjecia//anim/frame_000.jpg, id=206, 256.96pt x 256.96pt>
File: ./zdjecia//anim/frame_000.jpg Graphic file (type jpg)
<use ./zdjecia//anim/frame_000.jpg>
Package pdftex.def Info: ./zdjecia//anim/frame_000.jpg  used on input line 902.
(pdftex.def)             Requested size: 216.24025pt x 216.24484pt.
<./zdjecia//anim/frame_005.jpg, id=207, 256.96pt x 256.96pt>
File: ./zdjecia//anim/frame_005.jpg Graphic file (type jpg)
<use ./zdjecia//anim/frame_005.jpg>
Package pdftex.def Info: ./zdjecia//anim/frame_005.jpg  used on input line 906.
(pdftex.def)             Requested size: 216.24025pt x 216.24484pt.
<./zdjecia//anim/frame_015.jpg, id=208, 256.96pt x 256.96pt>
File: ./zdjecia//anim/frame_015.jpg Graphic file (type jpg)
<use ./zdjecia//anim/frame_015.jpg>
Package pdftex.def Info: ./zdjecia//anim/frame_015.jpg  used on input line 910.
(pdftex.def)             Requested size: 216.24025pt x 216.24484pt.
<./zdjecia//anim/frame_025.jpg, id=209, 256.96pt x 256.96pt>
File: ./zdjecia//anim/frame_025.jpg Graphic file (type jpg)
<use ./zdjecia//anim/frame_025.jpg>
Package pdftex.def Info: ./zdjecia//anim/frame_025.jpg  used on input line 914.
(pdftex.def)             Requested size: 216.24025pt x 216.24484pt.
<./zdjecia//anim/frame_029.jpg, id=210, 256.96pt x 256.96pt>
File: ./zdjecia//anim/frame_029.jpg Graphic file (type jpg)
<use ./zdjecia//anim/frame_029.jpg>
Package pdftex.def Info: ./zdjecia//anim/frame_029.jpg  used on input line 918.
(pdftex.def)             Requested size: 227.62206pt x 227.62718pt.

Overfull \hbox (2.61108pt too wide) in paragraph at lines 900--920
[]$[]$ $[]$
 []


Overfull \hbox (2.61108pt too wide) in paragraph at lines 900--920
[]$ $[]$
 []

[33] [34 <./zdjecia//anim/frame_000.jpg> <./zdjecia//anim/frame_005.jpg> <./zdjecia//anim/frame_015.jpg> <./zdjecia//anim/frame_025.jpg> <./zdjecia//anim/frame_029.jpg>] [35] [36

] [37] (./Praca_Magisterska_Maciej_Pracucik.lof [38

])
\tf@lof=\write5
\openout5 = `Praca_Magisterska_Maciej_Pracucik.lof'.

 [39] (./Praca_Magisterska_Maciej_Pracucik.aux)
Package logreq Info: Writing requests to 'Praca_Magisterska_Maciej_Pracucik.run.xml'.
\openout1 = `Praca_Magisterska_Maciej_Pracucik.run.xml'.

 ) 
Here is how much of TeX's memory you used:
 15699 strings out of 480139
 297889 string characters out of 5893693
 990310 words of memory out of 5000000
 33409 multiletter control sequences out of 15000+600000
 478224 words of font info for 50 fonts, out of 8000000 for 9000
 79 hyphenation exceptions out of 8191
 67i,17n,77p,799b,1878s stack positions out of 5000i,500n,10000p,200000b,80000s
{/usr/share/texlive/texmf-dist/fonts/enc/dvips/pl/plit.enc}{/usr/share/texlive/texmf-dist/fonts/enc/dvips/pl/pltt.enc}{/usr/share/texlive/texmf-dist/fonts/enc/dvips/pl/plsc.enc}{/usr/share/texlive/texmf-dist/fonts/enc/dvips/pl/plrm.enc}{/usr/share/texlive/texmf-dist/fonts/enc/dvips/pl/plme.enc}{/usr/share/texlive/texmf-dist/fonts/enc/dvips/pl/plms.enc}{/usr/share/texlive/texmf-dist/fonts/enc/dvips/pl/plmi.enc} </home/precel/.texlive2021/texmf-var/fonts/pk/ljfour/jknappen/ec/tcrm1200.600pk></usr/share/texlive/texmf-dist/fonts/type1/public/pl/plbx12.pfb></usr/share/texlive/texmf-dist/fonts/type1/public/pl/plcsc10.pfb></usr/share/texlive/texmf-dist/fonts/type1/public/pl/plex10.pfb></usr/share/texlive/texmf-dist/fonts/type1/public/pl/plmi12.pfb></usr/share/texlive/texmf-dist/fonts/type1/public/pl/plmi8.pfb></usr/share/texlive/texmf-dist/fonts/type1/public/pl/plr10.pfb></usr/share/texlive/texmf-dist/fonts/type1/public/pl/plr12.pfb></usr/share/texlive/texmf-dist/fonts/type1/public/pl/plr8.pfb></usr/share/texlive/texmf-dist/fonts/type1/public/pl/plsy10.pfb></usr/share/texlive/texmf-dist/fonts/type1/public/pl/plti12.pfb></usr/share/texlive/texmf-dist/fonts/type1/public/pl/pltt10.pfb></usr/share/texlive/texmf-dist/fonts/type1/public/pl/pltt12.pfb>
Output written on Praca_Magisterska_Maciej_Pracucik.pdf (39 pages, 8295688 bytes).
PDF statistics:
 301 PDF objects out of 1000 (max. 8388607)
 145 compressed objects within 2 object streams
 0 named destinations out of 1000 (max. 500000)
 376 words of extra memory for PDF output out of 10000 (max. 10000000)

